
icetime topological timing analysis report
==========================================

Info: max_span_hack is enabled: estimate is conservative.

Report for critical path:
-------------------------

        lc40_7_3_2 (LogicCell40) [clk] -> lcout: 0.640 ns
     0.640 ns net_12624 (core_io_addrM[0])
        t2715 (LocalMux) I -> O: 0.330 ns
        inmux_7_2_14651_14725 (InMux) I -> O: 0.260 ns
        lc40_7_2_7 (LogicCell40) in1 -> lcout: 0.400 ns
     1.629 ns net_12470 (mmio.ram.mem.0.0.0_RDATA_SB_LUT4_I0_I3[0])
        t2619 (LocalMux) I -> O: 0.330 ns
        inmux_6_2_12563_12574 (InMux) I -> O: 0.260 ns
        lc40_6_2_0 (LogicCell40) in1 -> carryout: 0.260 ns
     2.478 ns t362
        lc40_6_2_1 (LogicCell40) carryin -> carryout: 0.126 ns
     2.604 ns t363
        lc40_6_2_2 (LogicCell40) carryin -> carryout: 0.126 ns
     2.730 ns t364
        lc40_6_2_3 (LogicCell40) carryin -> carryout: 0.126 ns
     2.856 ns t365
        lc40_6_2_4 (LogicCell40) carryin -> carryout: 0.126 ns
     2.983 ns t366
        lc40_6_2_5 (LogicCell40) carryin -> carryout: 0.126 ns
     3.109 ns t367
        lc40_6_2_6 (LogicCell40) carryin -> carryout: 0.126 ns
     3.235 ns t368
        lc40_6_2_7 (LogicCell40) carryin -> carryout: 0.126 ns
     3.361 ns net_12614 (mmio.ram.mem.0.0.0_RDATA_SB_LUT4_I0_I3[7])
        t369 (ICE_CARRY_IN_MUX) carryinitin -> carryinitout: 0.196 ns
        lc40_6_3_0 (LogicCell40) carryin -> carryout: 0.126 ns
     3.684 ns t370
        lc40_6_3_1 (LogicCell40) carryin -> carryout: 0.126 ns
     3.810 ns t371
        lc40_6_3_2 (LogicCell40) carryin -> carryout: 0.126 ns
     3.936 ns t372
        lc40_6_3_3 (LogicCell40) carryin -> carryout: 0.126 ns
     4.063 ns t373
        lc40_6_3_4 (LogicCell40) carryin -> carryout: 0.126 ns
     4.189 ns t374
        lc40_6_3_5 (LogicCell40) carryin -> carryout: 0.126 ns
     4.315 ns t375
        lc40_6_3_6 (LogicCell40) carryin -> carryout: 0.126 ns
     4.441 ns t376
        lc40_6_3_7 (LogicCell40) carryin -> carryout: 0.126 ns
     4.568 ns net_12737 ($nextpnr_ICESTORM_LC_1$I3)
        t377 (ICE_CARRY_IN_MUX) carryinitin -> carryinitout: 0.196 ns
        inmux_6_4_12781_12822 (InMux) I -> O: 0.260 ns
        lc40_6_4_0 (LogicCell40) in3 -> lcout: 0.316 ns
     5.339 ns net_10636 (mmio.ram.mem.0.0.0_RDATA[3])
        odrv_6_4_10636_10669 (Odrv4) I -> O: 0.372 ns
        t2263 (Span4Mux_v4) I -> O: 0.372 ns
        t2262 (Span4Mux_v4) I -> O: 0.372 ns
        t2261 (LocalMux) I -> O: 0.330 ns
        inmux_6_13_13903_13958 (InMux) I -> O: 0.260 ns
        t520 (CascadeMux) I -> O: 0.000 ns
        lc40_6_13_5 (LogicCell40) in2 -> lcout: 0.379 ns
     7.422 ns net_11748 (mmio.lcdSpiMaster.spiStCtlReg_0_SB_LUT4_I3_O_SB_LUT4_O_1_I3[1])
        t2571 (LocalMux) I -> O: 0.330 ns
        inmux_6_13_13922_13971 (InMux) I -> O: 0.260 ns
        lc40_6_13_7 (LogicCell40) in3 -> lcout: 0.316 ns
     8.327 ns net_11750 (mmio.lcdSpiMaster.spiStCtlReg_0_SB_LUT4_I3_O[0])
        odrv_6_13_11750_11883 (Odrv4) I -> O: 0.372 ns
        t2573 (LocalMux) I -> O: 0.330 ns
        inmux_6_13_13899_13933 (InMux) I -> O: 0.260 ns
        lc40_6_13_1 (LogicCell40) in1 -> lcout: 0.400 ns
     9.687 ns net_11744 (mmio.usbUart.uartStCtlReg_0_SB_LUT4_I0_O[0])
        t2568 (LocalMux) I -> O: 0.330 ns
        inmux_5_12_11678_11712 (InMux) I -> O: 0.260 ns
        lc40_5_12_3 (LogicCell40) in0 -> lcout: 0.449 ns
    10.725 ns net_9515 (core.alu.out_SB_LUT4_O_14_I2_SB_LUT4_O_I3[1])
        odrv_5_12_9515_9297 (Odrv4) I -> O: 0.372 ns
        t2162 (Span4Mux_h4) I -> O: 0.316 ns
        t2161 (LocalMux) I -> O: 0.330 ns
        inmux_5_8_11172_11220 (InMux) I -> O: 0.260 ns
        lc40_5_8_3 (LogicCell40) in0 -> lcout: 0.449 ns
    12.451 ns net_9023 (core.alu.y1[0])
        t2078 (LocalMux) I -> O: 0.330 ns
        inmux_6_7_13182_13190 (InMux) I -> O: 0.260 ns
        t474 (CascadeMux) I -> O: 0.000 ns
        lc40_6_7_0 (LogicCell40) in2 -> carryout: 0.231 ns
    13.271 ns net_13187 (core.alu._z0_T_1_SB_LUT4_O_I3[1])
        lc40_6_7_1 (LogicCell40) carryin -> carryout: 0.126 ns
    13.397 ns net_13193 (core.alu._z0_T_1_SB_LUT4_O_I3[2])
        lc40_6_7_2 (LogicCell40) carryin -> carryout: 0.126 ns
    13.524 ns net_13199 (core.alu._z0_T_1_SB_LUT4_O_I3[3])
        lc40_6_7_3 (LogicCell40) carryin -> carryout: 0.126 ns
    13.650 ns net_13205 (core.alu._z0_T_1_SB_LUT4_O_I3[4])
        lc40_6_7_4 (LogicCell40) carryin -> carryout: 0.126 ns
    13.776 ns net_13211 (core.alu._z0_T_1_SB_LUT4_O_I3[5])
        lc40_6_7_5 (LogicCell40) carryin -> carryout: 0.126 ns
    13.902 ns net_13217 (core.alu._z0_T_1_SB_LUT4_O_I3[6])
        lc40_6_7_6 (LogicCell40) carryin -> carryout: 0.126 ns
    14.029 ns net_13223 (core.alu._z0_T_1_SB_LUT4_O_I3[7])
        lc40_6_7_7 (LogicCell40) carryin -> carryout: 0.126 ns
    14.155 ns net_13229 (core.alu._z0_T_1_SB_LUT4_O_I3[8])
        t407 (ICE_CARRY_IN_MUX) carryinitin -> carryinitout: 0.196 ns
        lc40_6_8_0 (LogicCell40) carryin -> carryout: 0.126 ns
    14.478 ns net_13310 (core.alu._z0_T_1_SB_LUT4_O_I3[9])
        lc40_6_8_1 (LogicCell40) carryin -> carryout: 0.126 ns
    14.604 ns net_13316 (core.alu._z0_T_1_SB_LUT4_O_I3[10])
        lc40_6_8_2 (LogicCell40) carryin -> carryout: 0.126 ns
    14.730 ns net_13322 (core.alu._z0_T_1_SB_LUT4_O_I3[11])
        inmux_6_8_13322_13332 (InMux) I -> O: 0.260 ns
        lc40_6_8_3 (LogicCell40) in3 -> lcout: 0.316 ns
    15.305 ns net_11131 (core.alu._z0_T_1[11])
        t2437 (LocalMux) I -> O: 0.330 ns
        inmux_7_9_15529_15573 (InMux) I -> O: 0.260 ns
        lc40_7_9_5 (LogicCell40) in0 -> lcout: 0.449 ns
    16.343 ns net_13365 (core.alu.out_SB_LUT4_O_2_I3[3])
        t3066 (LocalMux) I -> O: 0.330 ns
        inmux_7_9_15539_15567 (InMux) I -> O: 0.260 ns
        lc40_7_9_4 (LogicCell40) in0 -> lcout: 0.449 ns
    17.381 ns net_13364 (core_io_outM[11])
        t3063 (LocalMux) I -> O: 0.330 ns
        inmux_7_9_15522_15563 (InMux) I -> O: 0.260 ns
        t596 (CascadeMux) I -> O: 0.000 ns
        lc40_7_9_3 (LogicCell40) in2 -> lcout: 0.379 ns
    18.349 ns net_13363 (core.alu.io_ng_SB_LUT4_O_I2_SB_LUT4_I2_O_SB_LUT4_O_I3[3])
        t3062 (LocalMux) I -> O: 0.330 ns
        inmux_7_8_15390_15433 (InMux) I -> O: 0.260 ns
        lc40_7_8_2 (LogicCell40) in1 -> lcout: 0.400 ns
    19.338 ns net_13239 (core.alu.io_ng_SB_LUT4_O_I2_SB_LUT4_I2_O[3])
        odrv_7_8_13239_13020 (Odrv4) I -> O: 0.372 ns
        t3030 (Span4Mux_h4) I -> O: 0.316 ns
        t3029 (LocalMux) I -> O: 0.330 ns
        inmux_7_4_14899_14942 (InMux) I -> O: 0.260 ns
        t561 (CascadeMux) I -> O: 0.000 ns
        lc40_7_4_2 (LogicCell40) in2 -> lcout: 0.379 ns
    20.993 ns net_12747 (core.regA.io_in_SB_LUT4_O_8_I1_SB_LUT4_I2_O[3])
        t2844 (LocalMux) I -> O: 0.330 ns
        inmux_8_4_17014_17067 (InMux) I -> O: 0.260 ns
        lc40_8_4_5 (LogicCell40) in0 -> lcout: 0.449 ns
    22.031 ns net_14859 (core.regA.io_in_SB_LUT4_O_8_I1_SB_LUT4_I2_O_SB_LUT4_I0_O[1])
        odrv_8_4_14859_16570 (Odrv12) I -> O: 0.540 ns
        t3233 (LocalMux) I -> O: 0.330 ns
        inmux_8_7_17394_17431 (InMux) I -> O: 0.260 ns
        lc40_8_7_4 (LogicCell40) in1 -> lcout: 0.400 ns
    23.560 ns net_15227 (core.pc.inner_SB_DFFNSR_Q_5_D[0])
        t3339 (LocalMux) I -> O: 0.330 ns
        inmux_9_7_19485_19538 (InMux) I -> O: 0.260 ns
        lc40_9_7_4 (LogicCell40) in0 -> lcout: 0.449 ns
    24.598 ns net_17336 (mmio.rom.ebrom.mem.0.2.0_RCLKE)
        odrv_9_7_17336_15358 (Odrv4) I -> O: 0.372 ns
        t3902 (Span4Mux_h4) I -> O: 0.316 ns
        t3901 (Span4Mux_h4) I -> O: 0.316 ns
        t3900 (Span4Mux_v4) I -> O: 0.372 ns
        t3899 (Span4Mux_v4) I -> O: 0.372 ns
        t3898 (LocalMux) I -> O: 0.330 ns
        inmux_3_2_6539_6588 (CEMux) I -> O: 0.603 ns
    27.277 ns net_6588 (mmio.rom.ebrom.mem.0.2.0_RCLKE)
        ram_3_1 (SB_RAM40_4K) RCLKE [setup]: 0.267 ns
    27.544 ns net_4366 (core.regA.io_in_SB_LUT4_O_1_I1_SB_LUT4_O_I2_SB_LUT4_O_I3[2])

Resolvable net names on path:
     0.640 ns ..  1.229 ns core_io_addrM[0]
     1.629 ns ..  2.218 ns mmio.ram.mem.0.0.0_RDATA_SB_LUT4_I0_I3[0]
     3.361 ns ..  3.558 ns mmio.ram.mem.0.0.0_RDATA_SB_LUT4_I0_I3[7]
     4.568 ns ..  5.023 ns $nextpnr_ICESTORM_LC_1$I3
     5.339 ns ..  7.043 ns mmio.ram.mem.0.0.0_RDATA[3]
     7.422 ns ..  8.011 ns mmio.lcdSpiMaster.spiStCtlReg_0_SB_LUT4_I3_O_SB_LUT4_O_1_I3[1]
     8.327 ns ..  9.288 ns mmio.lcdSpiMaster.spiStCtlReg_0_SB_LUT4_I3_O[0]
     9.687 ns .. 10.277 ns mmio.usbUart.uartStCtlReg_0_SB_LUT4_I0_O[0]
    10.725 ns .. 12.002 ns core.alu.out_SB_LUT4_O_14_I2_SB_LUT4_O_I3[1]
    12.451 ns .. 13.040 ns core.alu.y1[0]
    13.271 ns .. 13.271 ns core.alu._z0_T_1_SB_LUT4_O_I3[1]
    13.397 ns .. 13.397 ns core.alu._z0_T_1_SB_LUT4_O_I3[2]
    13.524 ns .. 13.524 ns core.alu._z0_T_1_SB_LUT4_O_I3[3]
    13.650 ns .. 13.650 ns core.alu._z0_T_1_SB_LUT4_O_I3[4]
    13.776 ns .. 13.776 ns core.alu._z0_T_1_SB_LUT4_O_I3[5]
    13.902 ns .. 13.902 ns core.alu._z0_T_1_SB_LUT4_O_I3[6]
    14.029 ns .. 14.029 ns core.alu._z0_T_1_SB_LUT4_O_I3[7]
    14.155 ns .. 14.351 ns core.alu._z0_T_1_SB_LUT4_O_I3[8]
    14.478 ns .. 14.478 ns core.alu._z0_T_1_SB_LUT4_O_I3[9]
    14.604 ns .. 14.604 ns core.alu._z0_T_1_SB_LUT4_O_I3[10]
    14.730 ns .. 14.990 ns core.alu._z0_T_1_SB_LUT4_O_I3[11]
    15.305 ns .. 15.894 ns core.alu._z0_T_1[11]
    16.343 ns .. 16.932 ns core.alu.out_SB_LUT4_O_2_I3[3]
    17.381 ns .. 17.970 ns core_io_outM[11]
    18.349 ns .. 18.938 ns core.alu.io_ng_SB_LUT4_O_I2_SB_LUT4_I2_O_SB_LUT4_O_I3[3]
    19.338 ns .. 20.614 ns core.alu.io_ng_SB_LUT4_O_I2_SB_LUT4_I2_O[3]
    20.993 ns .. 21.582 ns core.regA.io_in_SB_LUT4_O_8_I1_SB_LUT4_I2_O[3]
    22.031 ns .. 23.160 ns core.regA.io_in_SB_LUT4_O_8_I1_SB_LUT4_I2_O_SB_LUT4_I0_O[1]
    23.560 ns .. 24.149 ns core.pc.inner_SB_DFFNSR_Q_5_D[0]
    24.598 ns .. 27.277 ns mmio.rom.ebrom.mem.0.2.0_RCLKE
              RDATA[13] -> mmio.rom.ebrom.mem.3.2.0_RDATA[3]
               RDATA[1] -> mmio.rom.ebrom.mem.3.2.0_RDATA[0]
               RDATA[5] -> core.regA.io_in_SB_LUT4_O_2_I1_SB_LUT4_O_I2_SB_LUT4_O_I3[2]
               RDATA[9] -> core.regA.io_in_SB_LUT4_O_1_I1_SB_LUT4_O_I2_SB_LUT4_O_I3[2]

Total number of logic levels: 44
Total path delay: 27.54 ns (36.31 MHz)

